root@bcf2f6929006:~/server_lesson/linux_practice2/trash# history 300
    1  cd /root
    2  mkdir server_lesson && server_lesson
    3  apt update -y && apt install -y git
    4  git version
    5  ls
    6  git init
    7  ls -a
    8  touch first.txt
    9  pwd
   10  cd server_lesson/
   11  git version
   12  ls
   13  cd ..
   14  ls
   15  rm -rf first.txt 
   16  cd server_lesson/
   17  git init
   18  touch first.txt
   19  mkdir linux_practice1
   20  cd linux_practice1/
   21  mkdir public && cd public
   22  touch index.php
   23  cp index.php index_bk.php
   24  ls
   25  cd ..
   26  cp -r public tmp
   27  ls
   28  ls tmp
   29  cd tmp
   30  rm -rf index_bk.php 
   31  cd ..
   32  cd ..
   33  touch README.md
   34  ls
   35  vi README.md 
   36  cat README.md 
   37  mkdir linux_practice2
   38  cd linux_practice2
   39  mkdir documents && cd documents
   40  touch gizumo{01..50}.md
   41  ls
   42  cd ..
   43  mkdir trash
   44  ls
   45  mv documents/gizumo{20..40}.md trash
   46  ls
   47  ls trash
   48  ls documents/
   49  touch .gitignore
   50  vi .gitignore 
   51  vi .gitignore 
   52  cat .gitignore 
   53  history 300
   54  exec_command.log
   55  touch exec_command.log
   56  vi exec_command.log 
   57  cat exec_command.log 
   58  ls
   59  git status
   60  cd ..
   61  git status
   62  git add .
   63  git commit -m 'first commit'
   64  git config --global user.email "OZbin_0O@icloud.com"
   65    git config --global user.name "eguchi333"
   66  git commit -m 'first commit'
   67  ls
   68  ls linux_practice2
   69  ls -a linux_practice2
   70  git log
   71  git remote origin https://github.com/eguchi333/linux_practice.git
   72  git remote add origin https://github.com/eguchi333/linux_practice.git
   73  git remote -v
   74  git push origin main
   75  git log
   76  git push origin master
   77  ls
   78  cd linux_practice2
   79  ls
   80  ls -a
   81  vi .gitignore
   82  git status
   83  git add .
   84  git commit
   85  git log
   86  git add .
   87  git commit -m 'first commit'
   88  git push origin master
   89  vi .gitignore
   90  git rm --cached gizumo20.md
   91  ls
   92  vi .gitignore
   93  cd ..
   94  git remote add origin https://github.com/eguchi333/linux_practice.git
   95  git status
   96  git add .
   97  git commit -m 'first commit'
   98  git push origin master
   99  git log
  100  git check-ignore -v index2[0-9].md
  101  git status --ignored
  102  git rm --cached index2*.md
  103  git rm --cached gizumo2*.md
  104  ls
  105  ls linux_practice2
  106  cd linux_practice2
  107  cd trash
  108  git rm --cached gizumo2*ls.md
  109  git rm --cached gizumo2*.md
  110  git status
  111  git commit -m 'first commit'
  112  git push origin master
  113  git push origin master
  114  history 300
